
Memory Configuration

Name             Origin             Length             Attributes
Mem              0x00000000         0x04000000         xrw
*default*        0x00000000         0xffffffff

Linker script and memory map

                0x00010000                . = 0x10000

.startup        0x00010000       0x10
 startup.o(.text)
 .text          0x00010000       0x10 startup.o
                0x00010000                reset

.text           0x00010010       0xd4
 *(.text)
 .text          0x00010010       0x1c App.o
                0x00010010                main
 .text          0x0001002c       0x54 Uart.o
                0x0001002c                uartSendString
 *(.rodata)
 .rodata        0x00010080       0x64 App.o
                0x00010080                stringBuffer2

.glue_7         0x000100e4        0x0
 .glue_7        0x000100e4        0x0 linker stubs

.glue_7t        0x000100e4        0x0
 .glue_7t       0x000100e4        0x0 linker stubs

.vfp11_veneer   0x000100e4        0x0
 .vfp11_veneer  0x000100e4        0x0 linker stubs

.v4_bx          0x000100e4        0x0
 .v4_bx         0x000100e4        0x0 linker stubs

.iplt           0x000100e4        0x0
 .iplt          0x000100e4        0x0 startup.o

.rel.dyn        0x000100e4        0x0
 .rel.iplt      0x000100e4        0x0 startup.o

.data           0x000100e4       0x64
 *(.data)
 .data          0x000100e4        0x0 startup.o
 .data          0x000100e4       0x64 App.o
                0x000100e4                stringBuffer
 .data          0x00010148        0x0 Uart.o

.igot.plt       0x00010148        0x0
 .igot.plt      0x00010148        0x0 startup.o

.bss            0x00010148        0x0
 *(.bss)
 .bss           0x00010148        0x0 startup.o
 .bss           0x00010148        0x0 App.o
 .bss           0x00010148        0x0 Uart.o
 *(COMMON)
                0x00011148                . = (. + 0x1000)
                0x00011148                stack_top = .
LOAD startup.o
LOAD App.o
LOAD Uart.o
OUTPUT(learn-in-depth.elf elf32-littlearm)

.ARM.attributes
                0x00000000       0x2e
 .ARM.attributes
                0x00000000       0x22 startup.o
 .ARM.attributes
                0x00000022       0x32 App.o
 .ARM.attributes
                0x00000054       0x32 Uart.o

.comment        0x00000000       0x7e
 .comment       0x00000000       0x7e App.o
                                 0x7f (size before relaxing)
 .comment       0x0000007e       0x7f Uart.o

.debug_info     0x00000000       0xe8
 .debug_info    0x00000000       0x91 App.o
 .debug_info    0x00000091       0x57 Uart.o

.debug_abbrev   0x00000000       0xb2
 .debug_abbrev  0x00000000       0x61 App.o
 .debug_abbrev  0x00000061       0x51 Uart.o

.debug_aranges  0x00000000       0x40
 .debug_aranges
                0x00000000       0x20 App.o
 .debug_aranges
                0x00000020       0x20 Uart.o

.debug_line     0x00000000       0x6e
 .debug_line    0x00000000       0x35 App.o
 .debug_line    0x00000035       0x39 Uart.o

.debug_str      0x00000000      0x10e
 .debug_str     0x00000000       0xec App.o
 .debug_str     0x000000ec       0x22 Uart.o
                                 0xdb (size before relaxing)

.debug_frame    0x00000000       0x5c
 .debug_frame   0x00000000       0x2c App.o
 .debug_frame   0x0000002c       0x30 Uart.o
