
Memory Configuration

Name             Origin             Length             Attributes
flash            0x08000000         0x00020000         xr
sram             0x20000000         0x00005000         xrw
*default*        0x00000000         0xffffffff

Linker script and memory map


.text           0x08000000      0x13b
 *(.vectors*)
 .vectors       0x08000000       0x18 startup.o
                0x08000000                vectors
 *(.text*)
 .text          0x08000018       0x94 main.o
                0x08000018                NMI_Handler
                0x08000024                Bus_Fault
                0x08000030                main
 .text          0x080000ac       0x8c startup.o
                0x080000ac                MM_Fault_Handler
                0x080000ac                Usage_Fault_Handler
                0x080000ac                Default_Handler
                0x080000ac                H_Fault_Handler
                0x080000b8                Reset_Handler
 *(.rodata)
 .rodata        0x08000138        0x3 main.o
                0x08000138                const_variables
                0x0800013b                _E_TEXT = .

.glue_7         0x0800013c        0x0
 .glue_7        0x0800013c        0x0 linker stubs

.glue_7t        0x0800013c        0x0
 .glue_7t       0x0800013c        0x0 linker stubs

.vfp11_veneer   0x0800013c        0x0
 .vfp11_veneer  0x0800013c        0x0 linker stubs

.v4_bx          0x0800013c        0x0
 .v4_bx         0x0800013c        0x0 linker stubs

.iplt           0x0800013c        0x0
 .iplt          0x0800013c        0x0 main.o

.rel.dyn        0x0800013c        0x0
 .rel.iplt      0x0800013c        0x0 main.o

.data           0x20000000        0x8 load address 0x0800013b
                0x20000000                _S_DATA = .
 *(.data)
 .data          0x20000000        0x7 main.o
                0x20000000                R_ODR
                0x20000004                g_variables
 .data          0x20000007        0x0 startup.o
                0x20000008                . = ALIGN (0x4)
 *fill*         0x20000007        0x1 
                0x20000008                _E_DATA = .

.igot.plt       0x20000008        0x0 load address 0x08000143
 .igot.plt      0x20000008        0x0 main.o

.bss            0x20000008     0x100c load address 0x08000143
                0x20000008                _S_BSS = .
 *(.bss*)
 .bss           0x20000008        0x9 main.o
                0x20000008                bss_var
                0x20000009                bss_var1
                0x2000000a                bss_var2
 .bss           0x20000011        0x0 startup.o
                0x20000014                . = ALIGN (0x4)
 *fill*         0x20000011        0x3 
                0x20000014                _E_BSS = .
                0x20000014                . = ALIGN (0x4)
                0x20001014                . = (. + 0x1000)
 *fill*         0x20000014     0x1000 
                0x20001014                _STACK_TOP = .
LOAD main.o
LOAD startup.o
OUTPUT(learn_in_depth_cortex_m3.elf elf32-littlearm)

.debug_info     0x00000000      0xcde
 .debug_info    0x00000000      0x22f main.o
 .debug_info    0x0000022f      0xaaf startup.o

.debug_abbrev   0x00000000      0x2f7
 .debug_abbrev  0x00000000      0x113 main.o
 .debug_abbrev  0x00000113      0x1e4 startup.o

.debug_loc      0x00000000      0x13c
 .debug_loc     0x00000000       0xc0 main.o
 .debug_loc     0x000000c0       0x7c startup.o

.debug_aranges  0x00000000       0x40
 .debug_aranges
                0x00000000       0x20 main.o
 .debug_aranges
                0x00000020       0x20 startup.o

.debug_line     0x00000000      0x2fe
 .debug_line    0x00000000      0x131 main.o
 .debug_line    0x00000131      0x1cd startup.o

.debug_str      0x00000000      0x5fb
 .debug_str     0x00000000      0x1b8 main.o
                                0x1fd (size before relaxing)
 .debug_str     0x000001b8      0x443 startup.o
                                0x5dd (size before relaxing)

.comment        0x00000000       0x7e
 .comment       0x00000000       0x7e main.o
                                 0x7f (size before relaxing)
 .comment       0x0000007e       0x7f startup.o

.ARM.attributes
                0x00000000       0x33
 .ARM.attributes
                0x00000000       0x33 main.o
 .ARM.attributes
                0x00000033       0x33 startup.o

.debug_frame    0x00000000       0xbc
 .debug_frame   0x00000000       0x6c main.o
 .debug_frame   0x0000006c       0x50 startup.o
